// Jest Snapshot v1, https://goo.gl/fbAQLP

exports[`renders correctly for App 1`] = `
<div
  className="app"
>
  <div
    className="head"
    style={
      Object {
        "backgroundImage": "url(/work_desk.jpg)",
      }
    }
  >
    <div
      className="input"
    >
      <form
        className="form_content"
        onSubmit={[Function]}
      >
        <input
          className="form_input"
          id="todo_input"
          name="todo_input"
          placeholder="New todo..."
          type="text"
        />
        <button
          className="form_submit"
          type="submit"
        >
          Save
        </button>
      </form>
    </div>
    <div
      className="commandPanel"
    >
      <div
        className="panel"
      >
        <span
          className="span_items_left"
        >
          no
           items left
        </span>
        <button
          className="button"
          onClick={[Function]}
          type="button"
          value="All"
        >
          All
        </button>
        <button
          className="button"
          onClick={[Function]}
          type="button"
          value="Active"
        >
          Active
        </button>
        <button
          className="button"
          onClick={[Function]}
          type="button"
          value="Completed"
        >
          Completed
        </button>
        <button
          className="button"
          onClick={[Function]}
          type="button"
          value="Remove Completed"
        >
          Remove Completed
        </button>
      </div>
    </div>
  </div>
  <div
    className="body"
  >
    <div />
  </div>
</div>
`;
