// Jest Snapshot v1, https://goo.gl/fbAQLP

exports[`Input renders correctly for Input 1`] = `
<form
  className="form_content"
  onSubmit={[Function]}
>
  <input
    className="form_input"
    id="todo_input"
    name="todo_input"
    placeholder="New todo..."
    type="text"
  />
  <button
    className="form_submit"
    type="submit"
  >
    Save
  </button>
</form>
`;
