// Jest Snapshot v1, https://goo.gl/fbAQLP

exports[`TodoRemoveButton renders correctly 1`] = `
<button
  className="remove_todo_button"
  data-testid="todo-remove"
  onClick={[Function]}
  type="button"
  value="14e520cd-63f2-485e-9b3b-072ce068554e"
>
  <img
    alt="gabarge"
    className="gabarge-logo"
    src="gabarge.svg"
  />
</button>
`;
